// Jest Snapshot v1, https://goo.gl/fbAQLP

exports[`set-timer should rendrer properly 1`] = `
[
  <View
    style={
      {
        "alignItems": "flex-start",
        "flexDirection": "row",
        "justifyContent": "space-between",
        "padding": 5,
        "paddingBottom": 0,
        "width": "100%",
      }
    }
  >
    <View
      style={
        {
          "width": 32,
        }
      }
    />
    <View
      aria-label="timer"
    >
      <Text
        style={
          [
            {
              "borderColor": "#0090FF",
              "color": "#0090FF",
            },
            {
              "borderStyle": "solid",
              "borderWidth": 1,
              "justifyContent": "center",
              "padding": 10,
              "textAlign": "center",
            },
            {
              "fontFamily": "RobotoMono-Medium",
              "fontWeight": "500",
            },
            {
              "fontSize": 28,
            },
          ]
        }
      >
        00:00:01
      </Text>
    </View>
    <View
      accessibilityLabel="cancel"
      accessibilityState={
        {
          "busy": undefined,
          "checked": undefined,
          "disabled": undefined,
          "expanded": undefined,
          "selected": undefined,
        }
      }
      accessibilityValue={
        {
          "max": undefined,
          "min": undefined,
          "now": undefined,
          "text": undefined,
        }
      }
      accessible={true}
      collapsable={false}
      focusable={true}
      onBlur={[Function]}
      onClick={[Function]}
      onFocus={[Function]}
      onResponderGrant={[Function]}
      onResponderMove={[Function]}
      onResponderRelease={[Function]}
      onResponderTerminate={[Function]}
      onResponderTerminationRequest={[Function]}
      onStartShouldSetResponder={[Function]}
      style={
        {
          "height": 32,
          "width": 32,
        }
      }
    >
      <Text />
    </View>
  </View>,
  <View
    style={
      {
        "borderBottomWidth": 1,
        "borderColor": "#0090FF",
        "borderStyle": "solid",
        "height": 35,
      }
    }
  />,
  <View
    style={
      {
        "alignItems": "center",
        "flex": 1,
        "justifyContent": "center",
      }
    }
  >
    <View
      style={
        {
          "flexDirection": "row",
          "flexWrap": "wrap",
          "gap": 15,
          "maxWidth": 180,
        }
      }
    >
      <View
        accessibilityLabel="digit 1"
        accessibilityState={
          {
            "busy": undefined,
            "checked": undefined,
            "disabled": undefined,
            "expanded": undefined,
            "selected": undefined,
          }
        }
        accessibilityValue={
          {
            "max": undefined,
            "min": undefined,
            "now": undefined,
            "text": undefined,
          }
        }
        accessible={true}
        collapsable={false}
        focusable={true}
        onBlur={[Function]}
        onClick={[Function]}
        onFocus={[Function]}
        onResponderGrant={[Function]}
        onResponderMove={[Function]}
        onResponderRelease={[Function]}
        onResponderTerminate={[Function]}
        onResponderTerminationRequest={[Function]}
        onStartShouldSetResponder={[Function]}
        style={
          {
            "alignItems": "center",
            "borderColor": "#0090FF",
            "borderStyle": "solid",
            "borderWidth": 1,
            "flexDirection": "row",
            "height": 50,
            "justifyContent": "center",
            "width": 50,
          }
        }
      >
        <Text
          style={
            [
              {
                "fontFamily": "RobotoMono-Medium",
                "fontWeight": "500",
              },
              {
                "color": "#0090FF",
                "fontSize": 20,
              },
            ]
          }
        >
          1
        </Text>
      </View>
      <View
        accessibilityLabel="digit 2"
        accessibilityState={
          {
            "busy": undefined,
            "checked": undefined,
            "disabled": undefined,
            "expanded": undefined,
            "selected": undefined,
          }
        }
        accessibilityValue={
          {
            "max": undefined,
            "min": undefined,
            "now": undefined,
            "text": undefined,
          }
        }
        accessible={true}
        collapsable={false}
        focusable={true}
        onBlur={[Function]}
        onClick={[Function]}
        onFocus={[Function]}
        onResponderGrant={[Function]}
        onResponderMove={[Function]}
        onResponderRelease={[Function]}
        onResponderTerminate={[Function]}
        onResponderTerminationRequest={[Function]}
        onStartShouldSetResponder={[Function]}
        style={
          {
            "alignItems": "center",
            "borderColor": "#0090FF",
            "borderStyle": "solid",
            "borderWidth": 1,
            "flexDirection": "row",
            "height": 50,
            "justifyContent": "center",
            "width": 50,
          }
        }
      >
        <Text
          style={
            [
              {
                "fontFamily": "RobotoMono-Medium",
                "fontWeight": "500",
              },
              {
                "color": "#0090FF",
                "fontSize": 20,
              },
            ]
          }
        >
          2
        </Text>
      </View>
      <View
        accessibilityLabel="digit 3"
        accessibilityState={
          {
            "busy": undefined,
            "checked": undefined,
            "disabled": undefined,
            "expanded": undefined,
            "selected": undefined,
          }
        }
        accessibilityValue={
          {
            "max": undefined,
            "min": undefined,
            "now": undefined,
            "text": undefined,
          }
        }
        accessible={true}
        collapsable={false}
        focusable={true}
        onBlur={[Function]}
        onClick={[Function]}
        onFocus={[Function]}
        onResponderGrant={[Function]}
        onResponderMove={[Function]}
        onResponderRelease={[Function]}
        onResponderTerminate={[Function]}
        onResponderTerminationRequest={[Function]}
        onStartShouldSetResponder={[Function]}
        style={
          {
            "alignItems": "center",
            "borderColor": "#0090FF",
            "borderStyle": "solid",
            "borderWidth": 1,
            "flexDirection": "row",
            "height": 50,
            "justifyContent": "center",
            "width": 50,
          }
        }
      >
        <Text
          style={
            [
              {
                "fontFamily": "RobotoMono-Medium",
                "fontWeight": "500",
              },
              {
                "color": "#0090FF",
                "fontSize": 20,
              },
            ]
          }
        >
          3
        </Text>
      </View>
      <View
        accessibilityLabel="digit 4"
        accessibilityState={
          {
            "busy": undefined,
            "checked": undefined,
            "disabled": undefined,
            "expanded": undefined,
            "selected": undefined,
          }
        }
        accessibilityValue={
          {
            "max": undefined,
            "min": undefined,
            "now": undefined,
            "text": undefined,
          }
        }
        accessible={true}
        collapsable={false}
        focusable={true}
        onBlur={[Function]}
        onClick={[Function]}
        onFocus={[Function]}
        onResponderGrant={[Function]}
        onResponderMove={[Function]}
        onResponderRelease={[Function]}
        onResponderTerminate={[Function]}
        onResponderTerminationRequest={[Function]}
        onStartShouldSetResponder={[Function]}
        style={
          {
            "alignItems": "center",
            "borderColor": "#0090FF",
            "borderStyle": "solid",
            "borderWidth": 1,
            "flexDirection": "row",
            "height": 50,
            "justifyContent": "center",
            "width": 50,
          }
        }
      >
        <Text
          style={
            [
              {
                "fontFamily": "RobotoMono-Medium",
                "fontWeight": "500",
              },
              {
                "color": "#0090FF",
                "fontSize": 20,
              },
            ]
          }
        >
          4
        </Text>
      </View>
      <View
        accessibilityLabel="digit 5"
        accessibilityState={
          {
            "busy": undefined,
            "checked": undefined,
            "disabled": undefined,
            "expanded": undefined,
            "selected": undefined,
          }
        }
        accessibilityValue={
          {
            "max": undefined,
            "min": undefined,
            "now": undefined,
            "text": undefined,
          }
        }
        accessible={true}
        collapsable={false}
        focusable={true}
        onBlur={[Function]}
        onClick={[Function]}
        onFocus={[Function]}
        onResponderGrant={[Function]}
        onResponderMove={[Function]}
        onResponderRelease={[Function]}
        onResponderTerminate={[Function]}
        onResponderTerminationRequest={[Function]}
        onStartShouldSetResponder={[Function]}
        style={
          {
            "alignItems": "center",
            "borderColor": "#0090FF",
            "borderStyle": "solid",
            "borderWidth": 1,
            "flexDirection": "row",
            "height": 50,
            "justifyContent": "center",
            "width": 50,
          }
        }
      >
        <Text
          style={
            [
              {
                "fontFamily": "RobotoMono-Medium",
                "fontWeight": "500",
              },
              {
                "color": "#0090FF",
                "fontSize": 20,
              },
            ]
          }
        >
          5
        </Text>
      </View>
      <View
        accessibilityLabel="digit 6"
        accessibilityState={
          {
            "busy": undefined,
            "checked": undefined,
            "disabled": undefined,
            "expanded": undefined,
            "selected": undefined,
          }
        }
        accessibilityValue={
          {
            "max": undefined,
            "min": undefined,
            "now": undefined,
            "text": undefined,
          }
        }
        accessible={true}
        collapsable={false}
        focusable={true}
        onBlur={[Function]}
        onClick={[Function]}
        onFocus={[Function]}
        onResponderGrant={[Function]}
        onResponderMove={[Function]}
        onResponderRelease={[Function]}
        onResponderTerminate={[Function]}
        onResponderTerminationRequest={[Function]}
        onStartShouldSetResponder={[Function]}
        style={
          {
            "alignItems": "center",
            "borderColor": "#0090FF",
            "borderStyle": "solid",
            "borderWidth": 1,
            "flexDirection": "row",
            "height": 50,
            "justifyContent": "center",
            "width": 50,
          }
        }
      >
        <Text
          style={
            [
              {
                "fontFamily": "RobotoMono-Medium",
                "fontWeight": "500",
              },
              {
                "color": "#0090FF",
                "fontSize": 20,
              },
            ]
          }
        >
          6
        </Text>
      </View>
      <View
        accessibilityLabel="digit 7"
        accessibilityState={
          {
            "busy": undefined,
            "checked": undefined,
            "disabled": undefined,
            "expanded": undefined,
            "selected": undefined,
          }
        }
        accessibilityValue={
          {
            "max": undefined,
            "min": undefined,
            "now": undefined,
            "text": undefined,
          }
        }
        accessible={true}
        collapsable={false}
        focusable={true}
        onBlur={[Function]}
        onClick={[Function]}
        onFocus={[Function]}
        onResponderGrant={[Function]}
        onResponderMove={[Function]}
        onResponderRelease={[Function]}
        onResponderTerminate={[Function]}
        onResponderTerminationRequest={[Function]}
        onStartShouldSetResponder={[Function]}
        style={
          {
            "alignItems": "center",
            "borderColor": "#0090FF",
            "borderStyle": "solid",
            "borderWidth": 1,
            "flexDirection": "row",
            "height": 50,
            "justifyContent": "center",
            "width": 50,
          }
        }
      >
        <Text
          style={
            [
              {
                "fontFamily": "RobotoMono-Medium",
                "fontWeight": "500",
              },
              {
                "color": "#0090FF",
                "fontSize": 20,
              },
            ]
          }
        >
          7
        </Text>
      </View>
      <View
        accessibilityLabel="digit 8"
        accessibilityState={
          {
            "busy": undefined,
            "checked": undefined,
            "disabled": undefined,
            "expanded": undefined,
            "selected": undefined,
          }
        }
        accessibilityValue={
          {
            "max": undefined,
            "min": undefined,
            "now": undefined,
            "text": undefined,
          }
        }
        accessible={true}
        collapsable={false}
        focusable={true}
        onBlur={[Function]}
        onClick={[Function]}
        onFocus={[Function]}
        onResponderGrant={[Function]}
        onResponderMove={[Function]}
        onResponderRelease={[Function]}
        onResponderTerminate={[Function]}
        onResponderTerminationRequest={[Function]}
        onStartShouldSetResponder={[Function]}
        style={
          {
            "alignItems": "center",
            "borderColor": "#0090FF",
            "borderStyle": "solid",
            "borderWidth": 1,
            "flexDirection": "row",
            "height": 50,
            "justifyContent": "center",
            "width": 50,
          }
        }
      >
        <Text
          style={
            [
              {
                "fontFamily": "RobotoMono-Medium",
                "fontWeight": "500",
              },
              {
                "color": "#0090FF",
                "fontSize": 20,
              },
            ]
          }
        >
          8
        </Text>
      </View>
      <View
        accessibilityLabel="digit 9"
        accessibilityState={
          {
            "busy": undefined,
            "checked": undefined,
            "disabled": undefined,
            "expanded": undefined,
            "selected": undefined,
          }
        }
        accessibilityValue={
          {
            "max": undefined,
            "min": undefined,
            "now": undefined,
            "text": undefined,
          }
        }
        accessible={true}
        collapsable={false}
        focusable={true}
        onBlur={[Function]}
        onClick={[Function]}
        onFocus={[Function]}
        onResponderGrant={[Function]}
        onResponderMove={[Function]}
        onResponderRelease={[Function]}
        onResponderTerminate={[Function]}
        onResponderTerminationRequest={[Function]}
        onStartShouldSetResponder={[Function]}
        style={
          {
            "alignItems": "center",
            "borderColor": "#0090FF",
            "borderStyle": "solid",
            "borderWidth": 1,
            "flexDirection": "row",
            "height": 50,
            "justifyContent": "center",
            "width": 50,
          }
        }
      >
        <Text
          style={
            [
              {
                "fontFamily": "RobotoMono-Medium",
                "fontWeight": "500",
              },
              {
                "color": "#0090FF",
                "fontSize": 20,
              },
            ]
          }
        >
          9
        </Text>
      </View>
      <View
        accessibilityLabel="digit 00"
        accessibilityState={
          {
            "busy": undefined,
            "checked": undefined,
            "disabled": undefined,
            "expanded": undefined,
            "selected": undefined,
          }
        }
        accessibilityValue={
          {
            "max": undefined,
            "min": undefined,
            "now": undefined,
            "text": undefined,
          }
        }
        accessible={true}
        collapsable={false}
        focusable={true}
        onBlur={[Function]}
        onClick={[Function]}
        onFocus={[Function]}
        onResponderGrant={[Function]}
        onResponderMove={[Function]}
        onResponderRelease={[Function]}
        onResponderTerminate={[Function]}
        onResponderTerminationRequest={[Function]}
        onStartShouldSetResponder={[Function]}
        style={
          {
            "alignItems": "center",
            "borderColor": "#0090FF",
            "borderStyle": "solid",
            "borderWidth": 1,
            "flexDirection": "row",
            "height": 50,
            "justifyContent": "center",
            "width": 50,
          }
        }
      >
        <Text
          style={
            [
              {
                "fontFamily": "RobotoMono-Medium",
                "fontWeight": "500",
              },
              {
                "color": "#0090FF",
                "fontSize": 20,
              },
            ]
          }
        >
          00
        </Text>
      </View>
      <View
        accessibilityLabel="digit 0"
        accessibilityState={
          {
            "busy": undefined,
            "checked": undefined,
            "disabled": undefined,
            "expanded": undefined,
            "selected": undefined,
          }
        }
        accessibilityValue={
          {
            "max": undefined,
            "min": undefined,
            "now": undefined,
            "text": undefined,
          }
        }
        accessible={true}
        collapsable={false}
        focusable={true}
        onBlur={[Function]}
        onClick={[Function]}
        onFocus={[Function]}
        onResponderGrant={[Function]}
        onResponderMove={[Function]}
        onResponderRelease={[Function]}
        onResponderTerminate={[Function]}
        onResponderTerminationRequest={[Function]}
        onStartShouldSetResponder={[Function]}
        style={
          {
            "alignItems": "center",
            "borderColor": "#0090FF",
            "borderStyle": "solid",
            "borderWidth": 1,
            "flexDirection": "row",
            "height": 50,
            "justifyContent": "center",
            "width": 50,
          }
        }
      >
        <Text
          style={
            [
              {
                "fontFamily": "RobotoMono-Medium",
                "fontWeight": "500",
              },
              {
                "color": "#0090FF",
                "fontSize": 20,
              },
            ]
          }
        >
          0
        </Text>
      </View>
      <View
        accessibilityLabel="backspace"
        accessibilityState={
          {
            "busy": undefined,
            "checked": undefined,
            "disabled": undefined,
            "expanded": undefined,
            "selected": undefined,
          }
        }
        accessibilityValue={
          {
            "max": undefined,
            "min": undefined,
            "now": undefined,
            "text": undefined,
          }
        }
        accessible={true}
        collapsable={false}
        focusable={true}
        onBlur={[Function]}
        onClick={[Function]}
        onFocus={[Function]}
        onResponderGrant={[Function]}
        onResponderMove={[Function]}
        onResponderRelease={[Function]}
        onResponderTerminate={[Function]}
        onResponderTerminationRequest={[Function]}
        onStartShouldSetResponder={[Function]}
        style={
          {
            "alignItems": "center",
            "flexDirection": "row",
            "height": 50,
            "justifyContent": "center",
            "width": 50,
          }
        }
      >
        <Text />
      </View>
    </View>
  </View>,
  <View
    accessibilityLabel="done"
    accessibilityState={
      {
        "busy": undefined,
        "checked": undefined,
        "disabled": undefined,
        "expanded": undefined,
        "selected": undefined,
      }
    }
    accessibilityValue={
      {
        "max": undefined,
        "min": undefined,
        "now": undefined,
        "text": undefined,
      }
    }
    accessible={true}
    collapsable={false}
    focusable={true}
    onBlur={[Function]}
    onClick={[Function]}
    onFocus={[Function]}
    onResponderGrant={[Function]}
    onResponderMove={[Function]}
    onResponderRelease={[Function]}
    onResponderTerminate={[Function]}
    onResponderTerminationRequest={[Function]}
    onStartShouldSetResponder={[Function]}
    style={
      {
        "padding": 5,
      }
    }
  >
    <Text
      style={
        [
          {
            "borderWidth": 1,
            "fontFamily": "Inter-SemiBold",
            "fontSize": 20,
            "fontWeight": "600",
            "padding": 5,
            "textAlign": "center",
            "textTransform": "uppercase",
          },
          {
            "borderColor": "#3DD68C",
            "color": "#3DD68C",
          },
        ]
      }
    >
      done
    </Text>
  </View>,
]
`;
